// Jest Snapshot v1, https://goo.gl/fbAQLP

exports[`home screen renders correctly 1`] = `
<View
  style={
    {
      "alignItems": "center",
      "backgroundColor": "#ffffff",
      "flex": 1,
      "justifyContent": "center",
      "padding": 24,
    }
  }
>
  <Text
    style={
      {
        "fontSize": 16,
        "marginBottom": 12,
      }
    }
  />
  <ActivityIndicator
    color="#ff6542"
    size="large"
  />
</View>
`;

exports[`profile screen renders correctly 1`] = `
<View
  style={
    {
      "alignItems": "center",
      "backgroundColor": "#ffffff",
      "flex": 1,
      "justifyContent": "center",
      "padding": 24,
    }
  }
>
  <Text
    style={
      {
        "fontSize": 16,
        "marginBottom": 12,
      }
    }
  />
  <ActivityIndicator
    color="#ff6542"
    size="large"
  />
</View>
`;
